// Jest Snapshot v1, https://goo.gl/fbAQLP

exports[`TimeMetricsCard Recent activity renders the Recent activity metric 1`] = `
"<div>
  <div class=\\"gl-pr-9\\">
    <gl-single-stat-stub title=\\"New Issues\\" value=\\"4\\" unit=\\"\\" variant=\\"muted\\" shouldanimate=\\"true\\" animationdecimalplaces=\\"0\\" id=\\"new-issues\\" tabindex=\\"0\\"></gl-single-stat-stub>
    <gl-popover-stub cssclasses=\\"\\" target=\\"new-issues\\" placement=\\"bottom\\"> <span>Number of new issues created.</span></gl-popover-stub>
  </div>
  <div class=\\"gl-pr-9\\">
    <gl-single-stat-stub title=\\"Deploys\\" value=\\"-\\" unit=\\"\\" variant=\\"muted\\" shouldanimate=\\"true\\" animationdecimalplaces=\\"0\\" id=\\"deploys\\" tabindex=\\"0\\"></gl-single-stat-stub>
    <gl-popover-stub cssclasses=\\"\\" target=\\"deploys\\" placement=\\"bottom\\"> <span>Total number of deploys to production.</span></gl-popover-stub>
  </div>
  <div class=\\"gl-pr-9\\">
    <gl-single-stat-stub title=\\"Deployment Frequency\\" value=\\"-\\" unit=\\"per day\\" variant=\\"muted\\" shouldanimate=\\"true\\" animationdecimalplaces=\\"0\\" id=\\"deployment-frequency\\" tabindex=\\"0\\"></gl-single-stat-stub>
    <gl-popover-stub cssclasses=\\"\\" target=\\"deployment-frequency\\" placement=\\"bottom\\"> <span>Average number of deployments to production per day.</span></gl-popover-stub>
  </div>
</div>"
`;

exports[`TimeMetricsCard Time summary renders the Time summary metric 1`] = `
"<div>
  <div class=\\"gl-pr-9\\">
    <gl-single-stat-stub title=\\"Lead Time\\" value=\\"4.5\\" unit=\\"days\\" variant=\\"muted\\" shouldanimate=\\"true\\" animationdecimalplaces=\\"0\\" id=\\"lead-time\\" tabindex=\\"0\\"></gl-single-stat-stub>
    <gl-popover-stub cssclasses=\\"\\" target=\\"lead-time\\" placement=\\"bottom\\"> <span>Median time from issue created to issue closed.</span></gl-popover-stub>
  </div>
  <div class=\\"gl-pr-9\\">
    <gl-single-stat-stub title=\\"Cycle Time\\" value=\\"3.0\\" unit=\\"days\\" variant=\\"muted\\" shouldanimate=\\"true\\" animationdecimalplaces=\\"0\\" id=\\"cycle-time\\" tabindex=\\"0\\"></gl-single-stat-stub>
    <gl-popover-stub cssclasses=\\"\\" target=\\"cycle-time\\" placement=\\"bottom\\"> <span>Median time from issue first merge request created to issue closed.</span></gl-popover-stub>
  </div>
</div>"
`;
