// Jest Snapshot v1, https://goo.gl/fbAQLP

exports[`ThreatMonitoringApp component given there is a default environment with data renders the network policy section 1`] = `
<threat-monitoring-section-stub
  anomaloustitle="Dropped Packets"
  chartemptystatesvgpath="/network-policy-no-data-svg"
  chartemptystatetext="Container Network Policies are not installed or have been disabled. To view this data, ensure your Network Policies are installed and enabled for your cluster."
  chartemptystatetitle="Container NetworkPolicies not detected"
  documentationanchor="container-network-policy"
  documentationpath="/docs"
  nominaltitle="Total Packets"
  storenamespace="threatMonitoringNetworkPolicy"
  subtitle="Packet Activity"
  title="Container Network Policy"
  ylegend="Operations Per Second"
/>
`;

exports[`ThreatMonitoringApp component given there is a default environment with data renders the network policy tab 1`] = `
<gl-tab-stub
  title="Policies"
  titlelinkclass=""
>
  <network-policy-list-stub
    documentationpath="/docs"
    newpolicypath="/policy/new"
  />
</gl-tab-stub>
`;

exports[`ThreatMonitoringApp component given there is a default environment with data renders the waf section 1`] = `
<threat-monitoring-section-stub
  anomaloustitle="Anomalous Requests"
  chartemptystatesvgpath="/waf-no-data-svg"
  chartemptystatetext="The firewall is not installed or has been disabled. To view this data, ensure the web application firewall is installed and enabled for your cluster."
  chartemptystatetitle="Application firewall not detected"
  documentationanchor="web-application-firewall"
  documentationpath="/docs"
  nominaltitle="Total Requests"
  storenamespace="threatMonitoringWaf"
  subtitle="Requests"
  title="Web Application Firewall"
  ylegend="Requests"
/>
`;
