// Jest Snapshot v1, https://goo.gl/fbAQLP

exports[`OnDemandScansProfileSummaryCell renders properly 1`] = `
<div
  class="col-md-6"
>
  <div
    class="row gl-my-2"
  >
    <div
      class="col-md-4"
    >
      Row Label:
    </div>
     
    <div
      class="col-md-8"
    >
      <strong>
        Row Value
      </strong>
    </div>
  </div>
</div>
`;
