// Jest Snapshot v1, https://goo.gl/fbAQLP

exports[`first class group security dashboard empty state matches snapshot 1`] = `
"<gl-empty-state-stub title=\\"Monitor vulnerabilities in your group\\" svgpath=\\"/placeholder.svg\\" description=\\"Manage and track vulnerabilities identified in projects within your group. Vulnerabilities in projects are shown here when security testing is configured.\\">
  <gl-button-stub category=\\"primary\\" variant=\\"default\\" size=\\"medium\\" icon=\\"\\" buttontextclasses=\\"\\" href=\\"/path/to/dashboard/documentation\\">Learn more</gl-button-stub>
</gl-empty-state-stub>"
`;
