// Jest Snapshot v1, https://goo.gl/fbAQLP

exports[`PolicyEditorApp component given .yaml editor mode is enabled renders yaml editor 1`] = `
<div
  class="row"
  data-testid="yaml-editor"
>
  <div
    class="col-sm-12 col-md-12 col-lg-10 col-xl-8"
  >
    <div
      class="gl-rounded-base gl-border-1 gl-border-solid gl-border-gray-100"
    >
      <h5
        class="gl-m-0 gl-p-4 gl-bg-gray-10 gl-border-1 gl-border-b-solid gl-border-b-gray-100"
      >
        
          YAML editor
        
      </h5>
       
      <div
        class="gl-p-4"
      >
        <networkpolicyeditor-stub
          data-testid="network-policy-editor"
          value=""
        />
      </div>
    </div>
  </div>
</div>
`;

exports[`PolicyEditorApp component renders the policy editor layout 1`] = `
<section>
  <header
    class="my-3"
  >
    <h2
      class="h3 mb-1"
    >
      
      Policy description
    
    </h2>
  </header>
   
  <div
    class="row"
  >
    <div
      class="col-sm-6 col-md-4 col-lg-3 col-xl-2"
    >
      <gl-form-group-stub
        label="Policy type"
        label-for="policyType"
      >
        <gl-form-select-stub
          disabled=""
          id="policyType"
          options="[object Object]"
          value="networkPolicy"
        />
      </gl-form-group-stub>
    </div>
     
    <div
      class="col-sm-6 col-md-6 col-lg-5 col-xl-4"
    >
      <gl-form-group-stub
        label="Name"
        label-for="policyName"
      >
        <gl-form-input-stub
          id="policyName"
          value=""
        />
      </gl-form-group-stub>
    </div>
  </div>
   
  <div
    class="row"
  >
    <div
      class="col-sm-12 col-md-10 col-lg-8 col-xl-6"
    >
      <gl-form-group-stub
        label="Description"
        label-for="policyDescription"
      >
        <gl-form-textarea-stub
          id="policyDescription"
          noresize="true"
          value=""
        />
      </gl-form-group-stub>
    </div>
  </div>
   
  <div
    class="row"
  >
    <environment-picker-stub />
  </div>
   
  <div
    class="row"
  >
    <div
      class="col-md-auto"
    >
      <gl-form-group-stub
        data-testid="policy-enable"
      >
        <gl-toggle-stub
          label="Policy status"
          labelposition="top"
        />
      </gl-form-group-stub>
    </div>
  </div>
   
  <div
    class="row"
  >
    <div
      class="col-md-auto"
    >
      <gl-form-group-stub
        label="Editor mode"
        label-for="editorMode"
      >
        <gl-segmented-control-stub
          checked="rule"
          data-testid="editor-mode"
          options="[object Object],[object Object]"
        />
      </gl-form-group-stub>
    </div>
  </div>
   
  <hr />
   
  <div
    class="row"
    data-testid="rule-editor"
  >
    <div
      class="col-sm-12 col-md-6 col-lg-7 col-xl-8"
    >
      <!---->
       
      <dim-disable-container-stub
        data-testid="rule-builder-container"
      >
          
        <policy-rule-builder-stub
          class="gl-mb-4"
          endpointlabels=""
          endpointmatchmode="any"
          rule="[object Object]"
        />
         
        <div
          class="gl-p-3 gl-rounded-base gl-border-1 gl-border-solid gl-border-gray-100 gl-mb-5"
        >
          <gl-button-stub
            buttontextclasses=""
            category="primary"
            data-testid="add-rule"
            icon=""
            size="medium"
            variant="link"
          >
            New rule
          </gl-button-stub>
        </div>
      </dim-disable-container-stub>
       
      <dim-disable-container-stub
        data-testid="policy-action-container"
      >
          
        <policy-action-picker-stub />
         
        <!---->
      </dim-disable-container-stub>
    </div>
     
    <div
      class="col-sm-12 col-md-6 col-lg-5 col-xl-4"
    >
      <dim-disable-container-stub
        data-testid="policy-preview-container"
      >
          
        <policy-preview-stub
          initialtab="0"
          policydescription="Allow all inbound traffic to <strong>all</strong> pods from <strong>all</strong> pods on <strong>any</strong> port"
          policyyaml="apiVersion: cilium.io/v2
kind: CiliumNetworkPolicy
metadata:
  name: ''
  labels:
    app.gitlab.com/proj: '21'
spec:
  endpointSelector:
    matchLabels:
      network-policy.gitlab.com/disabled_by: gitlab
  ingress:
  - fromEndpoints:
    - matchLabels: {}
"
        />
      </dim-disable-container-stub>
    </div>
  </div>
   
  <!---->
   
  <hr />
   
  <div
    class="row"
  >
    <div
      class="col-md-auto"
    >
      <gl-button-stub
        buttontextclasses=""
        category="primary"
        data-testid="save-policy"
        icon=""
        size="medium"
        type="submit"
        variant="success"
      >
        Create policy
      </gl-button-stub>
       
      <!---->
       
      <gl-button-stub
        buttontextclasses=""
        category="secondary"
        href="/threat-monitoring"
        icon=""
        size="medium"
        variant="default"
      >
        Cancel
      </gl-button-stub>
    </div>
  </div>
   
  <gl-modal-stub
    actioncancel="[object Object]"
    actionsecondary="[object Object]"
    dismisslabel="Close"
    modalclass=""
    modalid="delete-modal"
    size="md"
    title="Delete policy: "
    titletag="h4"
  >
    
    Are you sure you want to delete this policy? This action cannot be undone.
  
  </gl-modal-stub>
</section>
`;
